// Jest Snapshot v1, https://goo.gl/fbAQLP

exports[`with common types should use common types config if any 1`] = `
"<!-- Generated automatically. Update this documentation by updating the source code. -->

# My Types

## IRunResult

<div class=\\"method-list\\">
  <table>
    <thead>
      <tr>
        <th class=\\"title\\">MEMBERS</th>
        <th></th>
      </tr>
    </thead>
    <tbody>
      <tr>
        <td class=\\"param\\">
          <code>x</code>
        </td>
        <td>
            <div class=\\"type\\">number</div>
        </td>
      </tr>
    </tbody>
  </table>
</div>

## IRunResult

<div class=\\"method-list\\">
  <table>
    <thead>
      <tr>
        <th class=\\"title\\">MEMBERS</th>
        <th></th>
      </tr>
    </thead>
    <tbody>
      <tr>
        <td class=\\"param\\">
          <code>x</code>
        </td>
        <td>
            <div class=\\"type\\">number</div>
        </td>
      </tr>
    </tbody>
  </table>
</div>
"
`;
