// Jest Snapshot v1, https://goo.gl/fbAQLP

exports[`buildDocumentation should build documentation for class  1`] = `
"<!-- Generated automatically. Update this documentation by updating the source code. -->

# Documentation

## m1()

## m2()

## m3()
"
`;

exports[`buildDocumentation should build documentation for functions  1`] = `
"<!-- Generated automatically. Update this documentation by updating the source code. -->

# Documentation

## functionDeclaration()

## varFunctionExpression()

## letFunctionExpression()

## constFunctionExpression()

## constArrowFunction()

## exportConstArrowFunction()

## exportDefaultConstArrowFunction()
"
`;

exports[`buildDocumentation should show readable error from \`documentation.js\` 1`] = `
[SyntaxError: documentation source: Unexpected token, expected , (6:19)
  4 | /**
  5 | */
> 6 | function fooGood<T extends {
    |                   ^
  7 |   x: number;
  8 | }>(obj: T): T {}]
`;
